
> avlc-group-website@0.1.0 build
> npm --prefix frontend run build


> avlc-group-frontend@0.1.0 build
> next build


<--- Last few GCs --->

[24644:000001BBB32C1000]      918 ms: Scavenge 18.6 (22.9) -> 17.4 (23.1) MB, pooled: 0 MB, 1.11 / 0.00 ms  (average mu = 0.968, current mu = 0.006) allocation failure; 
[24644:000001BBB32C1000]      987 ms: Scavenge 19.3 (23.4) -> 18.2 (27.6) MB, pooled: 0 MB, 1.16 / 0.00 ms  (average mu = 0.968, current mu = 0.006) allocation failure; 
[24644:000001BBB32C1000]     1137 ms: Scavenge 23.7 (29.5) -> 21.4 (30.3) MB, pooled: 0 MB, 1.36 / 0.00 ms  (average mu = 0.968, current mu = 0.006) allocation failure; 


<--- JS stacktrace --->

FATAL ERROR: Zone Allocation failed - process out of memory
----- Native stack trace -----

 1: 00007FF708C11427 
 2: 00007FF708B74878 
 3: 00007FF7096E63B1 
 4: 00007FF7096D2F36 
 5: 00007FF7091B5A4B 
 6: 00007FF70929A1D9 
 7: 00007FF7092A2E53 
 8: 00007FF7092A4279 
 9: 00007FF7092A2725 
10: 00007FF70929AEA3 
11: 00007FF7092A37F4 
12: 00007FF7092A3292 
13: 00007FF7092A2EB8 
14: 00007FF7092A4279 
15: 00007FF7092A2725 
16: 00007FF70929AEA3 
17: 00007FF7092A7C84 
18: 00007FF7092A7EEE 
19: 00007FF7092A69AC 
20: 00007FF70929BEAD 
21: 00007FF7092A5A89 
22: 00007FF7092A5670 
23: 00007FF7092A1C6C 
24: 00007FF7092A5AB6 
25: 00007FF7092A6934 
26: 00007FF70929BEAD 
27: 00007FF7092A5A89 
28: 00007FF7092A59B7 
29: 00007FF7092A0045 
30: 00007FF7092A5B24 
31: 00007FF7092A6934 
32: 00007FF70929BEAD 
33: 00007FF7092A5A89 
34: 00007FF7092A5670 
35: 00007FF7092A1C3D 
36: 00007FF7092A5AB6 
37: 00007FF7092A5670 
38: 00007FF7092A1C3D 
39: 00007FF7092A5AB6 
40: 00007FF7092A6934 
41: 00007FF7092A0D7D 
42: 00007FF7092A15D6 
43: 00007FF7092A1904 
44: 00007FF7092A68CC 
45: 00007FF7092A67BD 
46: 00007FF7092A87A1 
47: 00007FF7092CDE51 
48: 00007FF7092C1CA5 
49: 00007FF7092C19C1 
50: 00007FF7092C6656 
51: 00007FF7092C3D79 
52: 00007FF7092B85A4 
53: 00007FF7092C5B14 
54: 00007FF7092C514A 
55: 00007FF7092C4D51 
56: 00007FF7092C668A 
57: 00007FF7092C3D79 
58: 00007FF7092B85A4 
59: 00007FF7092CBAE9 
60: 00007FF7092CBE45 
61: 00007FF7092C12F8 
62: 00007FF7092C05F7 
63: 00007FF7092C1D1A 
64: 00007FF7092C19C1 
65: 00007FF7092C6656 
66: 00007FF7092C3D79 
67: 00007FF7092B85A4 
68: 00007FF7092BDB6E 
69: 00007FF7092C67A7 
70: 00007FF7092C3D79 
71: 00007FF7092B85A4 
72: 00007FF7092BDB6E 
73: 00007FF7092BE01E 
74: 00007FF7092C9DAF 
75: 00007FF7092C12F8 
76: 00007FF7092C05F7 
77: 00007FF7092C1D1A 
78: 00007FF7092B31BD 
79: 00007FF7092C6D0D 
80: 00007FF7092AC22C 
81: 00007FF70964E460 
82: 00007FF709653F84 
83: 00007FF7096CDABD 
84: 00007FF7096CD814 
85: 00007FF708B8212D 
86: 00007FF708B82697 
87: 00007FF6A96CFA64 
